// Jest Snapshot v1, https://goo.gl/fbAQLP

exports[`Rescue Card matches snapshot comparison 1`] = `
<DocumentFragment>
  <div
    class="MuiPaper-root rescue makeStyles-summaryCard-1 MuiPaper-elevation2 MuiPaper-rounded"
  >
    <img
      alt="Max's picture"
      class="makeStyles-responsiveImage-3"
      src="/images/dog/thumbnail-image.webp"
      style="border-radius: 25%; width: 15rem; height: 18rem; object-fit: cover;"
    />
    <div
      class="MuiGrid-root MuiGrid-container MuiGrid-direction-xs-column"
    >
      <div
        class="MuiGrid-root MuiGrid-item MuiGrid-grid-xs-12"
      >
        <h4
          class="MuiTypography-root MuiTypography-h4"
        >
          Max
        </h4>
      </div>
      <h5
        class="MuiTypography-root MuiTypography-h5 MuiTypography-gutterBottom"
      >
        Dog
      </h5>
      <h5
        class="MuiTypography-root MuiTypography-h5 MuiTypography-gutterBottom"
      >
        Male
      </h5>
      <h5
        class="MuiTypography-root MuiTypography-h5 MuiTypography-gutterBottom"
      >
        Labrador
      </h5>
      <div
        class="MuiGrid-root MuiGrid-container MuiGrid-item MuiGrid-justify-xs-center MuiGrid-grid-xs-12"
      >
        <button
          aria-label="Add to favorites"
          class="MuiButtonBase-root MuiIconButton-root"
          tabindex="0"
          type="button"
        >
          <span
            class="MuiIconButton-label"
          >
            <svg
              aria-hidden="true"
              class="MuiSvgIcon-root"
              focusable="false"
              viewBox="0 0 24 24"
            >
              <path
                d="M16.5 3c-1.74 0-3.41.81-4.5 2.09C10.91 3.81 9.24 3 7.5 3 4.42 3 2 5.42 2 8.5c0 3.78 3.4 6.86 8.55 11.54L12 21.35l1.45-1.32C18.6 15.36 22 12.28 22 8.5 22 5.42 19.58 3 16.5 3zm-4.4 15.55l-.1.1-.1-.1C7.14 14.24 4 11.39 4 8.5 4 6.5 5.5 5 7.5 5c1.54 0 3.04.99 3.57 2.36h1.87C13.46 5.99 14.96 5 16.5 5c2 0 3.5 1.5 3.5 3.5 0 2.89-3.14 5.74-7.9 10.05z"
              />
            </svg>
          </span>
          <span
            class="MuiTouchRipple-root"
          />
        </button>
      </div>
      <div
        class="MuiGrid-root MuiGrid-container MuiGrid-item MuiGrid-justify-xs-center MuiGrid-grid-xs-12"
      >
        <button
          class="MuiButtonBase-root MuiButton-root MuiButton-contained makeStyles-muiButton-2 MuiButton-containedPrimary MuiButton-containedSizeSmall MuiButton-sizeSmall"
          tabindex="0"
          type="button"
        >
          <span
            class="MuiButton-label"
          >
            VIEW DETAILS
          </span>
          <span
            class="MuiTouchRipple-root"
          />
        </button>
      </div>
    </div>
  </div>
</DocumentFragment>
`;
